// Jest Snapshot v1, https://goo.gl/fbAQLP

exports[`StatisticsChartsList rendering should render no panels for empty data 1`] = `
<div
  className="statistics-charts-list-root cards-pf"
/>
`;

exports[`StatisticsChartsList rendering should render two panels for fixtures data 1`] = `
<div
  className="statistics-charts-list-root cards-pf"
>
  <ConnectedChartBox
    chart={
      Object {
        "id": "operatingsystem",
        "search": "/hosts?search=os_title=~VAL~",
        "title": "OS Distribution",
        "url": "statistics/operatingsystem",
      }
    }
    className=""
    config="regular"
    errorText=""
    key="operatingsystem"
    noDataMsg="No data available"
    tip="Expand the chart"
    type="donut"
  />
  <ConnectedChartBox
    chart={
      Object {
        "id": "architecture",
        "search": "/hosts?search=facts.architecture=~VAL~",
        "title": "Architecture Distribution",
        "url": "statistics/architecture",
      }
    }
    className=""
    config="regular"
    errorText=""
    key="architecture"
    noDataMsg="No data available"
    tip="Expand the chart"
    type="donut"
  />
</div>
`;
